

Wed Dec 27 22:48:04 2017
Command line: TestDisk

TestDisk 7.0, Data Recovery Utility, April 2015
Christophe GRENIER <grenier@cgsecurity.org>
http://www.cgsecurity.org
OS: Linux, kernel 4.4.0-96-generic (#119-Ubuntu SMP Tue Sep 12 14:59:54 UTC 2017) x86_64
Compiler: GCC 5.3
ext2fs lib: 1.42.13, ntfs lib: libntfs-3g, reiserfs lib: none, ewf lib: none, curses lib: ncurses 6.0
/dev/sda: LBA, HPA, LBA48, DCO support
/dev/sda: size       468862128 sectors
/dev/sda: user_max   468862128 sectors
/dev/sda: native_max 468862128 sectors
Warning: can't get size for Disk /dev/mapper/control - 0 B - 0 sectors, sector size=512
Hard disk list
Disk /dev/sda - 240 GB / 223 GiB - CHS 29185 255 63, sector size=512 - KINGSTON SM2280S3G2240G, S/N:50026B7269052BCA, FW:SAFM01.R

Partition table type (auto): EFI GPT
Disk /dev/sda - 240 GB / 223 GiB - KINGSTON SM2280S3G2240G
Partition table type: EFI GPT

Analyse Disk /dev/sda - 240 GB / 223 GiB - CHS 29185 255 63
hdr_size=92
hdr_lba_self=1
hdr_lba_alt=468862127 (expected 468862127)
hdr_lba_start=34
hdr_lba_end=468862094
hdr_lba_table=2
hdr_entries=128
hdr_entsz=128
Current partition structure:
 1 P EFI System                  2048    1050623    1048576 [EFI System Partition]
 2 P Unknown                  1050624  452311039  451260416
 3 P Linux Swap             452311040  468860927   16549888
SIGINT detected! TestDisk has been killed.
